
> navkar-static@0.1.0 build
> next build

- info Loaded env from C:\Users\Tanmay Shah\Desktop\navkar\.env.local
- info Loaded env from C:\Users\Tanmay Shah\Desktop\navkar\.env
node.exe : Browserslist: caniuse-lite is outdated. Please run:
At line:1 char:1
+ & "C:\Program Files\nodejs/node.exe" "C:\Users\Tanmay Shah\AppData\Ro ...
+ ~~~~~~~~~~~~~~~~~~~~~~~~~~~~~~~~~~~~~~~~~~~~~~~~~~~~~~~~~~~~~~~~~~~~~
    + CategoryInfo          : NotSpecified: (Browserslist: c...ed. Please run::String) [], RemoteException
    + FullyQualifiedErrorId : NativeCommandError
 
  npx browserslist@latest --update-db
  Why you should do it regularly: https://github.com/browserslist/browserslist#browsers-data-updating
- info Linting and checking validity of types...

Failed to compile.

./pages/admin/abandoned-carts/index.tsx
28:6  Warning: React Hook useEffect has a missing dependency: 'fetchCarts'. Either include it or remove the dependency 
array.  react-hooks/exhaustive-deps

./pages/checkout/[orderToken]/index.tsx
150:6  Warning: React Hook useEffect has missing dependencies: 'formSchema.shape.contact' and 'methods'. Either 
include them or remove the dependency array.  react-hooks/exhaustive-deps

./pages/orders/[orderToken]/index.tsx
59:6  Warning: React Hook useEffect has a missing dependency: 'orderToken'. Either include it or remove the dependency 
array.  react-hooks/exhaustive-deps

./pages/products/[slug]/index.tsx
145:6  Warning: React Hook useEffect has missing dependencies: 'router.query', 'selectedVariant?.color_hex_code', and 
'variants'. Either include them or remove the dependency array.  react-hooks/exhaustive-deps
169:6  Warning: React Hook useEffect has missing dependencies: 'router' and 'selectedVariant'. Either include them or 
remove the dependency array.  react-hooks/exhaustive-deps
550:18  Error: 'FaRulerCombined' is not defined.  react/jsx-no-undef
784:20  Error: 'FaGift' is not defined.  react/jsx-no-undef
863:16  Error: 'FaCheckCircle' is not defined.  react/jsx-no-undef
867:28  Error: 'FaShieldAlt' is not defined.  react/jsx-no-undef
868:28  Error: 'FaLock' is not defined.  react/jsx-no-undef
870:28  Error: 'FaStar' is not defined.  react/jsx-no-undef
875:66  Error: 'FaChevronUp' is not defined.  react/jsx-no-undef
886:66  Error: 'FaChevronUp' is not defined.  react/jsx-no-undef
902:69  Error: 'FaChevronUp' is not defined.  react/jsx-no-undef
913:57  Error: 'FaChevronUp' is not defined.  react/jsx-no-undef
927:63  Error: 'FaChevronUp' is not defined.  react/jsx-no-undef

./pages/_app.tsx
111:15  Warning: Using `<img>` could result in slower LCP and higher bandwidth. Consider using `<Image />` from 
`next/image` to automatically optimize images. This may incur additional usage or cost from your provider. See: 
https://nextjs.org/docs/messages/no-img-element  @next/next/no-img-element

./components/AddressForm/index.tsx
53:6  Warning: React Hook useEffect has a missing dependency: 'loadCities'. Either include it or remove the dependency 
array.  react-hooks/exhaustive-deps
71:6  Warning: React Hook useEffect has a missing dependency: 'state'. Either include it or remove the dependency 
array.  react-hooks/exhaustive-deps

./components/AdminProductEditor/index.tsx
57:11  Warning: Using `<img>` could result in slower LCP and higher bandwidth. Consider using `<Image />` from 
`next/image` to automatically optimize images. This may incur additional usage or cost from your provider. See: 
https://nextjs.org/docs/messages/no-img-element  @next/next/no-img-element
151:9  Warning: The 'variants' logical expression could make the dependencies of useMemo Hook (at line 183) change on 
every render. To fix this, wrap the initialization of 'variants' in its own useMemo() Hook.  
react-hooks/exhaustive-deps
832:21  Warning: Using `<img>` could result in slower LCP and higher bandwidth. Consider using `<Image />` from 
`next/image` to automatically optimize images. This may incur additional usage or cost from your provider. See: 
https://nextjs.org/docs/messages/no-img-element  @next/next/no-img-element
832:21  Warning: img elements must have an alt prop, either with meaningful text, or an empty string for decorative 
images.  jsx-a11y/alt-text

./lib/useReservations.ts
76:6  Warning: React Hook useEffect has a missing dependency: 'startHB'. Either include it or remove the dependency 
array.  react-hooks/exhaustive-deps
98:6  Warning: React Hook useEffect has missing dependencies: 'scheduleAbandon' and 'startHB'. Either include them or 
remove the dependency array.  react-hooks/exhaustive-deps

info  - Need to disable some ESLint rules? Learn more here: 
https://nextjs.org/docs/basic-features/eslint#disabling-rules
Assertion failed: !(handle->flags & UV_HANDLE_CLOSING), file src\win\async.c, line 76
